Microchip MPLAB XC8 Compiler V2.32

Linker command line:

-W-3 --edf=C:\Program Files\Microchip\xc8\v2.32\pic\dat\en_msgs.txt -cn \
  -h+dist/default/production\Test.X.production.sym \
  --cmf=dist/default/production\Test.X.production.cmf -z -Q16F15225 \
  -oC:\Users\Logan\AppData\Local\Temp\xcAsme8.6 --defsym=__MPLAB_BUILD=1 \
  -Mdist/default/production/Test.X.production.map -E1 -ver=XC8 Compiler \
  --acfsm=1493 -ASTACK=020C9h-022DBh -pstack=STACK -ACODE=00h-07FFhx4 \
  -ASTRCODE=00h-01FFFh -ASTRING=00h-0FFhx32 -ACONST=00h-0FFhx32 \
  -AENTRY=00h-0FFhx32 -ACOMMON=070h-07Fh -ABANK0=020h-06Fh \
  -ABANK1=0A0h-0EFh -ABANK2=0120h-016Fh -ABANK3=01A0h-01EFh \
  -ABANK4=0220h-026Fh -ABANK5=02A0h-02EFh -ABANK6=0320h-036Fh \
  -ABANK7=03A0h-03EFh -ABANK8=0420h-046Fh -ABANK9=04A0h-04EFh \
  -ABANK10=0520h-056Fh -ABANK11=05A0h-05EFh -ABANK12=0620h-064Fh \
  -ABIGRAM=02000h-023EFh \
  -ARAM=020h-06Fh,0A0h-0EFh,0120h-016Fh,01A0h-01EFh,0220h-026Fh,02A0h-02EFh,0320h-036Fh,03A0h-03EFh,0420h-046Fh,04A0h-04EFh,0520h-056Fh,05A0h-05EFh,0620h-064Fh \
  -AABS1=020h-07Fh,0A0h-0EFh,0120h-016Fh,01A0h-01EFh,0220h-026Fh,02A0h-02EFh,0320h-036Fh,03A0h-03EFh,0420h-046Fh,04A0h-04EFh,0520h-056Fh,05A0h-05EFh,0620h-064Fh \
  -ASFR0=00h-01Fh -ASFR1=080h-09Fh -ASFR2=0100h-011Fh -ASFR3=0180h-019Fh \
  -ASFR4=0200h-021Fh -ASFR5=0280h-029Fh -ASFR6=0300h-031Fh \
  -ASFR7=0380h-039Fh -ASFR8=0400h-041Fh -ASFR9=0480h-049Fh \
  -ASFR10=0500h-051Fh -ASFR11=0580h-059Fh -ASFR12=0600h-061Fh \
  -ASFR13=0680h-06EFh -ASFR14=0700h-076Fh -ASFR15=0780h-07EFh \
  -ASFR16=0800h-086Fh -ASFR17=0880h-08EFh -ASFR18=0900h-096Fh \
  -ASFR19=0980h-09EFh -ASFR20=0A00h-0A6Fh -ASFR21=0A80h-0AEFh \
  -ASFR22=0B00h-0B6Fh -ASFR23=0B80h-0BEFh -ASFR24=0C00h-0C6Fh \
  -ASFR25=0C80h-0CEFh -ASFR26=0D00h-0D6Fh -ASFR27=0D80h-0DEFh \
  -ASFR28=0E00h-0E6Fh -ASFR29=0E80h-0EEFh -ASFR30=0F00h-0F6Fh \
  -ASFR31=0F80h-0FEFh -ASFR32=01000h-0106Fh -ASFR33=01080h-010EFh \
  -ASFR34=01100h-0116Fh -ASFR35=01180h-011EFh -ASFR36=01200h-0126Fh \
  -ASFR37=01280h-012EFh -ASFR38=01300h-0136Fh -ASFR39=01380h-013EFh \
  -ASFR40=01400h-0146Fh -ASFR41=01480h-014EFh -ASFR42=01500h-0156Fh \
  -ASFR43=01580h-015EFh -ASFR44=01600h-0166Fh -ASFR45=01680h-016EFh \
  -ASFR46=01700h-0176Fh -ASFR47=01780h-017EFh -ASFR48=01800h-0186Fh \
  -ASFR49=01880h-018EFh -ASFR50=01900h-0196Fh -ASFR51=01980h-019EFh \
  -ASFR52=01A00h-01A6Fh -ASFR53=01A80h-01AEFh -ASFR54=01B00h-01B6Fh \
  -ASFR55=01B80h-01BEFh -ASFR56=01C00h-01C6Fh -ASFR57=01C80h-01CEFh \
  -ASFR58=01D00h-01D6Fh -ASFR59=01D80h-01DEFh -ASFR60=01E00h-01E6Fh \
  -ASFR61=01E80h-01EEFh -ASFR62=01F00h-01F6Fh -ASFR63=01F80h-01FEFh \
  -ACONFIG=08007h-0800Bh -DCONFIG=2 -AIDLOC=08000h-08003h -DIDLOC=2 \
  -DCODE=2 -DSTRCODE=2 -DSTRING=2 -DCONST=2 -DENTRY=2 \
  -preset_vec=00h,intentry=04h,init,end_init -ppowerup=CODE -pcinit=CODE \
  -pfunctab=ENTRY -k C:\Users\Logan\AppData\Local\Temp\xcAsme8.o \
  dist/default/production\Test.X.production.o 

Object code version is 3.11

Machine type is 16F15225



                Name                               Link     Load   Length Selector   Space Scale
C:\Users\Logan\AppData\Local\Temp\xcAsme8.o
                end_init                             31       31        2        8       0
                reset_vec                             0        0        2        0       0
                config                             8007     8007        5        0       4
dist/default/production\Test.X.production.o
                cinit                                33       33       46        8       0
                intentry                              4        4       2D        8       0
                config                             8007     8007        5        0       4
                text30                              F53      F53        6     1EA6       0
                text29                                2        2        1        0       0
                text28                              79E      79E       1C        8       0
                text27                              F8B      F8B        D     1F16       0
                text26                              F59      F59        6     1EB2       0
                text25                              F4F      F4F        4     1E9E       0
                text24                                3        3        1        6       0
                text23                              FEC      FEC       14     1FD8       0
                text22                               79       79      2BD        8       0
                text21                              7FF      7FF        1        8       0
                text20                              FDB      FDB       11     1FB6       0
                text19                              7D3      7D3       17        8       0
                text17                              F5F      F5F        6     1EBE       0
                text16                              F98      F98        D     1F30       0
                text15                              F65      F65        6     1ECA       0
                text14                              6FC      6FC       28        8       0
                text13                              F77      F77        8     1EEE       0
                text12                              7EA      7EA       15        8       0
                text11                              F6B      F6B        6     1ED6       0
                text10                              7BA      7BA       19        8       0
                text9                               F71      F71        6     1EE2       0
                text8                               744      744       20        8       0
                text7                               FBF      FBF        E     1F7E       0
                text6                               F4C      F4C        3     1E98       0
                text5                               782      782       1C        8       0
                text4                               FA5      FA5        D     1F4A       0
                text3                               FB2      FB2        D     1F64       0
                text2                               6C0      6C0       3C        8       0
                text1                               764      764       1E        8       0
                maintext                            336      336      232        8       0
                cstackBANK0                          20       20       18       20       1
                cstackCOMMON                         70       70        7       70       1
                cstackBANK1                          E4       E4        9       A0       1
                cstackBANK2                         140      140        9      120       1
                inittext                            F7F      F7F        C     1EFE       0
                dataBANK2                           120      120       20      120       1
                dataBANK1                            A0       A0       44       A0       1
                dataBANK0                            38       38        E       20       1
                bssBANK0                             46       46        9       20       1
                bssCOMMON                            79       79        1       70       1
                nvBANK0                              4F       4F        8       20       1
                nvCOMMON                             77       77        2       70       1
                stringtext1                        1000     1000        4     2000       0
                idataBANK2                          724      724       20        8       0
                idataBANK1                          67C      67C       44        8       0
                idataBANK0                          FCD      FCD        E     1F9A       0
                idataBIGRAM                         568      568      114        8       0

TOTAL           Name                               Link     Load   Length     Space
        CLASS   STACK          

        CLASS   CODE           
                end_init                             31       31        2         0
                cinit                                33       33       46         0
                intentry                              4        4       2D         0
                reset_vec                             0        0        2         0
                text30                              F53      F53        6         0
                text29                                2        2        1         0
                text28                              79E      79E       1C         0
                text27                              F8B      F8B        D         0
                text26                              F59      F59        6         0
                text25                              F4F      F4F        4         0
                text24                                3        3        1         0
                text23                              FEC      FEC       14         0
                text22                               79       79      2BD         0
                text21                              7FF      7FF        1         0
                text20                              FDB      FDB       11         0
                text19                              7D3      7D3       17         0
                text17                              F5F      F5F        6         0
                text16                              F98      F98        D         0
                text15                              F65      F65        6         0
                text14                              6FC      6FC       28         0
                text13                              F77      F77        8         0
                text12                              7EA      7EA       15         0
                text11                              F6B      F6B        6         0
                text10                              7BA      7BA       19         0
                text9                               F71      F71        6         0
                text8                               744      744       20         0
                text7                               FBF      FBF        E         0
                text6                               F4C      F4C        3         0
                text5                               782      782       1C         0
                text4                               FA5      FA5        D         0
                text3                               FB2      FB2        D         0
                text2                               6C0      6C0       3C         0
                text1                               764      764       1E         0
                maintext                            336      336      232         0
                inittext                            F7F      F7F        C         0
                idataBANK2                          724      724       20         0
                idataBANK1                          67C      67C       44         0
                idataBANK0                          FCD      FCD        E         0
                idataBIGRAM                         568      568      114         0

        CLASS   STRCODE        
                stringtext1                        1000     1000        4         0

        CLASS   STRING         

        CLASS   CONST          

        CLASS   ENTRY          

        CLASS   COMMON         
                cstackCOMMON                         70       70        7         1
                bssCOMMON                            79       79        1         1
                nvCOMMON                             77       77        2         1

        CLASS   BANK0          
                cstackBANK0                          20       20       18         1
                dataBANK0                            38       38        E         1
                bssBANK0                             46       46        9         1
                nvBANK0                              4F       4F        8         1

        CLASS   BANK1          
                cstackBANK1                          E4       E4        9         1
                dataBANK1                            A0       A0       44         1

        CLASS   BANK2          
                cstackBANK2                         140      140        9         1
                dataBANK2                           120      120       20         1

        CLASS   BANK3          

        CLASS   BANK4          

        CLASS   BANK5          

        CLASS   BANK6          

        CLASS   BANK7          

        CLASS   BANK8          

        CLASS   BANK9          

        CLASS   BANK10         

        CLASS   BANK11         

        CLASS   BANK12         

        CLASS   BIGRAM         

        CLASS   RAM            

        CLASS   ABS1           
                abs_s1                               7E       7E        2         1
                abs_s1                              4AC      4AC       44         1
                abs_s1                              520      520       50         1
                abs_s1                              5A0      5A0       50         1
                abs_s1                              620      620       30         1
                abs_s1                             22DC     22DC        0         1
                abs_s1                             2366     2366        0         1

        CLASS   SFR0           

        CLASS   SFR1           

        CLASS   SFR2           

        CLASS   SFR3           

        CLASS   SFR4           

        CLASS   SFR5           

        CLASS   SFR6           

        CLASS   SFR7           

        CLASS   SFR8           

        CLASS   SFR9           

        CLASS   SFR10          

        CLASS   SFR11          

        CLASS   SFR12          

        CLASS   SFR13          

        CLASS   SFR14          

        CLASS   SFR15          

        CLASS   SFR16          

        CLASS   SFR17          

        CLASS   SFR18          

        CLASS   SFR19          

        CLASS   SFR20          

        CLASS   SFR21          

        CLASS   SFR22          

        CLASS   SFR23          

        CLASS   SFR24          

        CLASS   SFR25          

        CLASS   SFR26          

        CLASS   SFR27          

        CLASS   SFR28          

        CLASS   SFR29          

        CLASS   SFR30          

        CLASS   SFR31          

        CLASS   SFR32          

        CLASS   SFR33          

        CLASS   SFR34          

        CLASS   SFR35          

        CLASS   SFR36          

        CLASS   SFR37          

        CLASS   SFR38          

        CLASS   SFR39          

        CLASS   SFR40          

        CLASS   SFR41          

        CLASS   SFR42          

        CLASS   SFR43          

        CLASS   SFR44          

        CLASS   SFR45          

        CLASS   SFR46          

        CLASS   SFR47          

        CLASS   SFR48          

        CLASS   SFR49          

        CLASS   SFR50          

        CLASS   SFR51          

        CLASS   SFR52          

        CLASS   SFR53          

        CLASS   SFR54          

        CLASS   SFR55          

        CLASS   SFR56          

        CLASS   SFR57          

        CLASS   SFR58          

        CLASS   SFR59          

        CLASS   SFR60          

        CLASS   SFR61          

        CLASS   SFR62          

        CLASS   SFR63          

        CLASS   CONFIG         
                config                             8007     8007        5         4

        CLASS   IDLOC          

        CLASS   BANK63         

        CLASS   BANK62         

        CLASS   BANK61         

        CLASS   BANK60         

        CLASS   BANK59         

        CLASS   BANK58         

        CLASS   BANK57         

        CLASS   BANK56         

        CLASS   BANK55         

        CLASS   BANK54         

        CLASS   BANK53         

        CLASS   BANK52         

        CLASS   BANK51         

        CLASS   BANK50         

        CLASS   BANK49         

        CLASS   BANK48         

        CLASS   BANK47         

        CLASS   BANK46         

        CLASS   BANK45         

        CLASS   BANK44         

        CLASS   BANK43         

        CLASS   BANK42         

        CLASS   BANK41         

        CLASS   BANK40         

        CLASS   BANK39         

        CLASS   BANK38         

        CLASS   BANK37         

        CLASS   BANK36         

        CLASS   BANK35         

        CLASS   BANK34         

        CLASS   BANK33         

        CLASS   BANK32         

        CLASS   BANK31         

        CLASS   BANK30         

        CLASS   BANK29         

        CLASS   BANK28         

        CLASS   BANK27         

        CLASS   BANK26         

        CLASS   BANK25         

        CLASS   BANK24         

        CLASS   BANK23         

        CLASS   BANK22         

        CLASS   BANK21         

        CLASS   BANK20         

        CLASS   BANK19         

        CLASS   BANK18         

        CLASS   BANK17         

        CLASS   BANK16         

        CLASS   BANK15         

        CLASS   BANK14         

        CLASS   BANK13         

        CLASS   EEDATA         



SEGMENTS        Name                           Load    Length   Top    Selector   Space  Class     Delta

                reset_vec                      000000  000003  000003         0       0  CODE        2
                text24                         000003  000001  000004         6       0  CODE        2
                intentry                       000004  0007FC  000800         8       0  CODE        2
                cstackBANK0                    000020  000037  000057        20       1  BANK0       1
                cstackCOMMON                   000070  00000A  00007A        70       1  COMMON      1
                dataBANK1                      0000A0  00004D  0000ED        A0       1  BANK1       1
                dataBANK2                      000120  000029  000149       120       1  BANK2       1
                text6                          000F4C  000003  000F4F      1E98       0  CODE        2
                text25                         000F4F  000004  000F53      1E9E       0  CODE        2
                text30                         000F53  000006  000F59      1EA6       0  CODE        2
                text26                         000F59  000006  000F5F      1EB2       0  CODE        2
                text17                         000F5F  000006  000F65      1EBE       0  CODE        2
                text15                         000F65  000006  000F6B      1ECA       0  CODE        2
                text11                         000F6B  000006  000F71      1ED6       0  CODE        2
                text9                          000F71  000006  000F77      1EE2       0  CODE        2
                text13                         000F77  000008  000F7F      1EEE       0  CODE        2
                inittext                       000F7F  00000C  000F8B      1EFE       0  CODE        2
                text27                         000F8B  00000D  000F98      1F16       0  CODE        2
                text16                         000F98  00000D  000FA5      1F30       0  CODE        2
                text4                          000FA5  00000D  000FB2      1F4A       0  CODE        2
                text3                          000FB2  00000D  000FBF      1F64       0  CODE        2
                text7                          000FBF  00000E  000FCD      1F7E       0  CODE        2
                idataBANK0                     000FCD  00000E  000FDB      1F9A       0  CODE        2
                text20                         000FDB  000011  000FEC      1FB6       0  CODE        2
                text23                         000FEC  000014  001000      1FD8       0  CODE        2
                stringtext1                    001000  000004  001004      2000       0  STRCODE     2


UNUSED ADDRESS RANGES

        Name                Unused          Largest block    Delta
        BANK0            00057-0006F              19           1
        BANK1            000ED-000EF               3           1
        BANK2            00149-0016F              27           1
        BANK3            001A0-001EF              50           1
        BANK4            00220-0026F              50           1
        BANK5            002A0-002EF              50           1
        BANK6            00320-0036F              50           1
        BANK7            003A0-003EF              50           1
        BANK8            00420-0046F              50           1
        BANK9            004A0-004AB               C           1
        BIGRAM           02000-023EF             3F0           1
        CODE             00800-00F4B             74C           2
                         01004-01FFF             7FC
        COMMON           0007A-0007D               4           1
        CONST            00800-00F4B             100           2
                         01004-01FFF             100
        ENTRY            00800-00F4B             100           2
                         01004-01FFF             100
        IDLOC            08000-08003               4           2
        RAM              00057-0006F              19           1
                         000ED-000EF               3
                         00149-0016F              27
                         001A0-001EF              50
                         00220-0026F              50
                         002A0-002EF              50
                         00320-0036F              50
                         003A0-003EF              50
                         00420-0046F              50
                         004A0-004AB               C
        SFR0             00000-0001F              20           1
        SFR1             00080-0009F              20           1
        SFR10            00500-0051F              20           1
        SFR11            00580-0059F              20           1
        SFR12            00600-0061F              20           1
        SFR13            00680-006EF              70           1
        SFR14            00700-0076F              70           1
        SFR15            00780-007EF              70           1
        SFR16            00800-0086F              70           1
        SFR17            00880-008EF              70           1
        SFR18            00900-0096F              70           1
        SFR19            00980-009EF              70           1
        SFR2             00100-0011F              20           1
        SFR20            00A00-00A6F              70           1
        SFR21            00A80-00AEF              70           1
        SFR22            00B00-00B6F              70           1
        SFR23            00B80-00BEF              70           1
        SFR24            00C00-00C6F              70           1
        SFR25            00C80-00CEF              70           1
        SFR26            00D00-00D6F              70           1
        SFR27            00D80-00DEF              70           1
        SFR28            00E00-00E6F              70           1
        SFR29            00E80-00EEF              70           1
        SFR3             00180-0019F              20           1
        SFR30            00F00-00F6F              70           1
        SFR31            00F80-00FEF              70           1
        SFR32            01000-0106F              70           1
        SFR33            01080-010EF              70           1
        SFR34            01100-0116F              70           1
        SFR35            01180-011EF              70           1
        SFR36            01200-0126F              70           1
        SFR37            01280-012EF              70           1
        SFR38            01300-0136F              70           1
        SFR39            01380-013EF              70           1
        SFR4             00200-0021F              20           1
        SFR40            01400-0146F              70           1
        SFR41            01480-014EF              70           1
        SFR42            01500-0156F              70           1
        SFR43            01580-015EF              70           1
        SFR44            01600-0166F              70           1
        SFR45            01680-016EF              70           1
        SFR46            01700-0176F              70           1
        SFR47            01780-017EF              70           1
        SFR48            01800-0186F              70           1
        SFR49            01880-018EF              70           1
        SFR5             00280-0029F              20           1
        SFR50            01900-0196F              70           1
        SFR51            01980-019EF              70           1
        SFR52            01A00-01A6F              70           1
        SFR53            01A80-01AEF              70           1
        SFR54            01B00-01B6F              70           1
        SFR55            01B80-01BEF              70           1
        SFR56            01C00-01C6F              70           1
        SFR57            01C80-01CEF              70           1
        SFR58            01D00-01D6F              70           1
        SFR59            01D80-01DEF              70           1
        SFR6             00300-0031F              20           1
        SFR60            01E00-01E6F              70           1
        SFR61            01E80-01EEF              70           1
        SFR62            01F00-01F6F              70           1
        SFR63            01F80-01FEF              70           1
        SFR7             00380-0039F              20           1
        SFR8             00400-0041F              20           1
        SFR9             00480-0049F              20           1
        STACK            020C9-022DB             213           1
        STRCODE          00800-00F4B             74C           2
                         01004-01FFF             FFC
        STRING           00800-00F4B             100           2
                         01004-01FFF             100

                                  Symbol Table

INT_SetInterruptHandler@InterruptHandler  cstackCOMMON 00072
SPI1_ExchangeByte@data                    cstackCOMMON 00072
TMR0_SetInterruptHandler@InterruptHandler cstackCOMMON 00072
TMR1_ISR_@i                               cstackBANK0  00032
TMR1_ISR_@i_1175                          cstackBANK0  0002B
TMR1_ISR_@i_1176                          cstackBANK0  00034
TMR1_ISR_@i_1178                          cstackBANK0  0002D
TMR1_ISR_@i_1179                          cstackBANK0  00023
TMR1_ISR_@i_1181                          cstackBANK0  0002F
TMR1_ISR_@i_1182                          cstackBANK0  00025
TMR1_ISR_@i_1183                          cstackBANK0  00027
TMR1_ISR_@i_1184                          cstackBANK0  00029
TMR1_ISR_@i_1185                          cstackBANK0  00036
TMR1_ISR_@lights                          cstackBANK0  00020
TMR1_ISR_@lights_1177                     cstackBANK0  00021
TMR1_ISR_@lights_1180                     cstackBANK0  00022
TMR1_ISR_@lights_1186                     cstackBANK0  00031
TMR1_SetInterruptHandler@InterruptHandler cstackCOMMON 00072
TMR1_WriteTimer@timerVal                  cstackCOMMON 00070
_ANSELA                                   (abs)        01F38
_ANSELC                                   (abs)        01F4E
_EXT_INT_Initialize                       text16       00F98
_EXT_ISR                                  text28       0079E
_INLVLA                                   (abs)        01F3C
_INLVLC                                   (abs)        01F52
_INTCONbits                               (abs)        0000B
_INTERRUPT_InterruptManager               intentry     00004
_INTPPS                                   (abs)        01E90
_INT_CallBack                             text27       00F8B
_INT_DefaultInterruptHandler              text29       00002
_INT_ISR                                  text26       00F59
_INT_InterruptHandler                     nvBANK0      00055
_INT_SetInterruptHandler                  text17       00F5F
_LATA                                     (abs)        00018
_LATC                                     (abs)        0001A
_LATCbits                                 (abs)        0001A
_ODCONA                                   (abs)        01F3A
_ODCONC                                   (abs)        01F50
_OSCEN                                    (abs)        00891
_OSCFRQ                                   (abs)        00893
_OSCILLATOR_Initialize                    text15       00F65
_OSCTUNE                                  (abs)        00892
_PIE0bits                                 (abs)        00716
_PIE1bits                                 (abs)        00717
_PIN_MANAGER_Initialize                   text14       006FC
_PIR0bits                                 (abs)        0070C
_PIR1bits                                 (abs)        0070D
_PR2                                      (abs)        0028D
_PWM3CON                                  (abs)        00316
_PWM3DCH                                  (abs)        00315
_PWM3DCL                                  (abs)        00314
_PWM3_Initialize                          text13       00F77
_RA5PPS                                   (abs)        01F15
_RC3PPS                                   (abs)        01F23
_RC5PPS                                   (abs)        01F25
_SLRCONA                                  (abs)        01F3B
_SLRCONC                                  (abs)        01F51
_SPI1_ExchangeByte                        text4        00FA5
_SPI1_Initialize                          text12       007EA
_SSP1ADD                                  (abs)        0018D
_SSP1BUF                                  (abs)        0018C
_SSP1CLKPPS                               (abs)        01EC5
_SSP1CON1                                 (abs)        00190
_SSP1CON1bits                             (abs)        00190
_SSP1CON2                                 (abs)        00191
_SSP1DATPPS                               (abs)        01EC6
_SSP1STAT                                 (abs)        0018F
_SYSTEM_Initialize                        text5        00782
_T0CON0                                   (abs)        0059E
_T0CON0bits                               (abs)        0059E
_T0CON1                                   (abs)        0059F
_T1CLK                                    (abs)        00211
_T1CON                                    (abs)        0020E
_T1CONbits                                (abs)        0020E
_T1GATE                                   (abs)        00210
_T1GCON                                   (abs)        0020F
_T1GCONbits                               (abs)        0020F
_T2CLKCON                                 (abs)        00290
_T2CON                                    (abs)        0028E
_T2CONbits                                (abs)        0028E
_T2HLT                                    (abs)        0028F
_T2HLTbits                                (abs)        0028F
_T2PR                                     (abs)        0028D
_T2RST                                    (abs)        00291
_T2RSTbits                                (abs)        00291
_T2TMR                                    (abs)        0028C
_TMR0H                                    (abs)        0059D
_TMR0L                                    (abs)        0059C
_TMR0_DefaultInterruptHandler             text24       00003
_TMR0_ISR                                 text23       00FEC
_TMR0_ISR_                                text25       00F4F
_TMR0_Initialize                          text10       007BA
_TMR0_InterruptHandler                    nvBANK0      00053
_TMR0_Reload                              text30       00F53
_TMR0_SetInterruptHandler                 text11       00F6B
_TMR0_complete                            bssBANK0     0004B
_TMR1H                                    (abs)        0020D
_TMR1L                                    (abs)        0020C
_TMR1_DefaultInterruptHandler             text21       007FF
_TMR1_ISR                                 text19       007D3
_TMR1_ISR_                                text22       00079
_TMR1_Initialize                          text8        00744
_TMR1_InterruptHandler                    nvBANK0      0004F
_TMR1_SetInterruptHandler                 text9        00F71
_TMR1_WriteTimer                          text20       00FDB
_TMR2                                     (abs)        0028C
_TMR2_Initialize                          text7        00FBF
_TRISA                                    (abs)        00012
_TRISAbits                                (abs)        00012
_TRISC                                    (abs)        00014
_TRISCbits                                (abs)        00014
_WDTCON                                   (abs)        0080C
_WDT_Initialize                           text6        00F4C
_WPUA                                     (abs)        01F39
_WPUC                                     (abs)        01F4F
__Habs1                                   abs1         00000
__Hbank0                                  bank0        00000
__Hbank1                                  bank1        00000
__Hbank10                                 bank10       00000
__Hbank11                                 bank11       00000
__Hbank12                                 bank12       00000
__Hbank13                                 bank13       00000
__Hbank14                                 bank14       00000
__Hbank15                                 bank15       00000
__Hbank16                                 bank16       00000
__Hbank17                                 bank17       00000
__Hbank18                                 bank18       00000
__Hbank19                                 bank19       00000
__Hbank2                                  bank2        00000
__Hbank20                                 bank20       00000
__Hbank21                                 bank21       00000
__Hbank22                                 bank22       00000
__Hbank23                                 bank23       00000
__Hbank24                                 bank24       00000
__Hbank25                                 bank25       00000
__Hbank26                                 bank26       00000
__Hbank27                                 bank27       00000
__Hbank28                                 bank28       00000
__Hbank29                                 bank29       00000
__Hbank3                                  bank3        00000
__Hbank30                                 bank30       00000
__Hbank31                                 bank31       00000
__Hbank32                                 bank32       00000
__Hbank33                                 bank33       00000
__Hbank34                                 bank34       00000
__Hbank35                                 bank35       00000
__Hbank36                                 bank36       00000
__Hbank37                                 bank37       00000
__Hbank38                                 bank38       00000
__Hbank39                                 bank39       00000
__Hbank4                                  bank4        00000
__Hbank40                                 bank40       00000
__Hbank41                                 bank41       00000
__Hbank42                                 bank42       00000
__Hbank43                                 bank43       00000
__Hbank44                                 bank44       00000
__Hbank45                                 bank45       00000
__Hbank46                                 bank46       00000
__Hbank47                                 bank47       00000
__Hbank48                                 bank48       00000
__Hbank49                                 bank49       00000
__Hbank5                                  bank5        00000
__Hbank50                                 bank50       00000
__Hbank51                                 bank51       00000
__Hbank52                                 bank52       00000
__Hbank53                                 bank53       00000
__Hbank54                                 bank54       00000
__Hbank55                                 bank55       00000
__Hbank56                                 bank56       00000
__Hbank57                                 bank57       00000
__Hbank58                                 bank58       00000
__Hbank59                                 bank59       00000
__Hbank6                                  bank6        00000
__Hbank60                                 bank60       00000
__Hbank61                                 bank61       00000
__Hbank62                                 bank62       00000
__Hbank63                                 bank63       00000
__Hbank7                                  bank7        00000
__Hbank8                                  bank8        00000
__Hbank9                                  bank9        00000
__Hbigram                                 bigram       00000
__HbssBANK0                               bssBANK0     00000
__HbssCOMMON                              bssCOMMON    00000
__Hcinit                                  cinit        00079
__Hclrtext                                clrtext      00000
__Hcode                                   code         00000
__Hcommon                                 common       00000
__Hconfig                                 config       0800C
__HcstackBANK0                            cstackBANK0  00000
__HcstackBANK1                            cstackBANK1  00000
__HcstackBANK2                            cstackBANK2  00000
__HcstackCOMMON                           cstackCOMMON 00000
__HdataBANK0                              dataBANK0    00000
__HdataBANK1                              dataBANK1    00000
__HdataBANK2                              dataBANK2    00000
__HdataBIGRAM                             dataBIGRAM   00000
__Heeprom_data                            eeprom_data  00000
__Hend_init                               end_init     00033
__Hfunctab                                functab      00000
__HidataBANK0                             idataBANK0   00000
__HidataBANK1                             idataBANK1   00000
__HidataBANK2                             idataBANK2   00000
__HidataBIGRAM                            idataBIGRAM  00000
__Hinit                                   init         00031
__Hinittext                               inittext     00000
__Hintentry                               intentry     00031
__Hmaintext                               maintext     00000
__HnvBANK0                                nvBANK0      00000
__HnvCOMMON                               nvCOMMON     00000
__Hpowerup                                powerup      00000
__Hram                                    ram          00000
__Hreset_vec                              reset_vec    00002
__Hsfr0                                   sfr0         00000
__Hsfr1                                   sfr1         00000
__Hsfr10                                  sfr10        00000
__Hsfr11                                  sfr11        00000
__Hsfr12                                  sfr12        00000
__Hsfr13                                  sfr13        00000
__Hsfr14                                  sfr14        00000
__Hsfr15                                  sfr15        00000
__Hsfr16                                  sfr16        00000
__Hsfr17                                  sfr17        00000
__Hsfr18                                  sfr18        00000
__Hsfr19                                  sfr19        00000
__Hsfr2                                   sfr2         00000
__Hsfr20                                  sfr20        00000
__Hsfr21                                  sfr21        00000
__Hsfr22                                  sfr22        00000
__Hsfr23                                  sfr23        00000
__Hsfr24                                  sfr24        00000
__Hsfr25                                  sfr25        00000
__Hsfr26                                  sfr26        00000
__Hsfr27                                  sfr27        00000
__Hsfr28                                  sfr28        00000
__Hsfr29                                  sfr29        00000
__Hsfr3                                   sfr3         00000
__Hsfr30                                  sfr30        00000
__Hsfr31                                  sfr31        00000
__Hsfr32                                  sfr32        00000
__Hsfr33                                  sfr33        00000
__Hsfr34                                  sfr34        00000
__Hsfr35                                  sfr35        00000
__Hsfr36                                  sfr36        00000
__Hsfr37                                  sfr37        00000
__Hsfr38                                  sfr38        00000
__Hsfr39                                  sfr39        00000
__Hsfr4                                   sfr4         00000
__Hsfr40                                  sfr40        00000
__Hsfr41                                  sfr41        00000
__Hsfr42                                  sfr42        00000
__Hsfr43                                  sfr43        00000
__Hsfr44                                  sfr44        00000
__Hsfr45                                  sfr45        00000
__Hsfr46                                  sfr46        00000
__Hsfr47                                  sfr47        00000
__Hsfr48                                  sfr48        00000
__Hsfr49                                  sfr49        00000
__Hsfr5                                   sfr5         00000
__Hsfr50                                  sfr50        00000
__Hsfr51                                  sfr51        00000
__Hsfr52                                  sfr52        00000
__Hsfr53                                  sfr53        00000
__Hsfr54                                  sfr54        00000
__Hsfr55                                  sfr55        00000
__Hsfr56                                  sfr56        00000
__Hsfr57                                  sfr57        00000
__Hsfr58                                  sfr58        00000
__Hsfr59                                  sfr59        00000
__Hsfr6                                   sfr6         00000
__Hsfr60                                  sfr60        00000
__Hsfr61                                  sfr61        00000
__Hsfr62                                  sfr62        00000
__Hsfr63                                  sfr63        00000
__Hsfr7                                   sfr7         00000
__Hsfr8                                   sfr8         00000
__Hsfr9                                   sfr9         00000
__Hspace_0                                (abs)        01004
__Hspace_1                                (abs)        00149
__Hspace_2                                (abs)        00000
__Hspace_3                                (abs)        00000
__Hspace_4                                (abs)        10013
__Hstack                                  stack        00000
__Hstrings                                strings      00000
__Hstringtext1                            stringtext1  00000
__Htext                                   text         00000
__Labs1                                   abs1         00000
__Lbank0                                  bank0        00000
__Lbank1                                  bank1        00000
__Lbank10                                 bank10       00000
__Lbank11                                 bank11       00000
__Lbank12                                 bank12       00000
__Lbank13                                 bank13       00000
__Lbank14                                 bank14       00000
__Lbank15                                 bank15       00000
__Lbank16                                 bank16       00000
__Lbank17                                 bank17       00000
__Lbank18                                 bank18       00000
__Lbank19                                 bank19       00000
__Lbank2                                  bank2        00000
__Lbank20                                 bank20       00000
__Lbank21                                 bank21       00000
__Lbank22                                 bank22       00000
__Lbank23                                 bank23       00000
__Lbank24                                 bank24       00000
__Lbank25                                 bank25       00000
__Lbank26                                 bank26       00000
__Lbank27                                 bank27       00000
__Lbank28                                 bank28       00000
__Lbank29                                 bank29       00000
__Lbank3                                  bank3        00000
__Lbank30                                 bank30       00000
__Lbank31                                 bank31       00000
__Lbank32                                 bank32       00000
__Lbank33                                 bank33       00000
__Lbank34                                 bank34       00000
__Lbank35                                 bank35       00000
__Lbank36                                 bank36       00000
__Lbank37                                 bank37       00000
__Lbank38                                 bank38       00000
__Lbank39                                 bank39       00000
__Lbank4                                  bank4        00000
__Lbank40                                 bank40       00000
__Lbank41                                 bank41       00000
__Lbank42                                 bank42       00000
__Lbank43                                 bank43       00000
__Lbank44                                 bank44       00000
__Lbank45                                 bank45       00000
__Lbank46                                 bank46       00000
__Lbank47                                 bank47       00000
__Lbank48                                 bank48       00000
__Lbank49                                 bank49       00000
__Lbank5                                  bank5        00000
__Lbank50                                 bank50       00000
__Lbank51                                 bank51       00000
__Lbank52                                 bank52       00000
__Lbank53                                 bank53       00000
__Lbank54                                 bank54       00000
__Lbank55                                 bank55       00000
__Lbank56                                 bank56       00000
__Lbank57                                 bank57       00000
__Lbank58                                 bank58       00000
__Lbank59                                 bank59       00000
__Lbank6                                  bank6        00000
__Lbank60                                 bank60       00000
__Lbank61                                 bank61       00000
__Lbank62                                 bank62       00000
__Lbank63                                 bank63       00000
__Lbank7                                  bank7        00000
__Lbank8                                  bank8        00000
__Lbank9                                  bank9        00000
__Lbigram                                 bigram       00000
__LbssBANK0                               bssBANK0     00000
__LbssCOMMON                              bssCOMMON    00000
__Lcinit                                  cinit        00033
__Lclrtext                                clrtext      00000
__Lcode                                   code         00000
__Lcommon                                 common       00000
__Lconfig                                 config       00000
__LcstackBANK0                            cstackBANK0  00000
__LcstackBANK1                            cstackBANK1  00000
__LcstackBANK2                            cstackBANK2  00000
__LcstackCOMMON                           cstackCOMMON 00000
__LdataBANK0                              dataBANK0    00000
__LdataBANK1                              dataBANK1    00000
__LdataBANK2                              dataBANK2    00000
__LdataBIGRAM                             dataBIGRAM   00000
__Leeprom_data                            eeprom_data  00000
__Lend_init                               end_init     00031
__Lfunctab                                functab      00000
__LidataBANK0                             idataBANK0   00000
__LidataBANK1                             idataBANK1   00000
__LidataBANK2                             idataBANK2   00000
__LidataBIGRAM                            idataBIGRAM  00000
__Linit                                   init         00031
__Linittext                               inittext     00000
__Lintentry                               intentry     00004
__Lmaintext                               maintext     00000
__LnvBANK0                                nvBANK0      00000
__LnvCOMMON                               nvCOMMON     00000
__Lpowerup                                powerup      00000
__Lram                                    ram          00000
__Lreset_vec                              reset_vec    00000
__Lsfr0                                   sfr0         00000
__Lsfr1                                   sfr1         00000
__Lsfr10                                  sfr10        00000
__Lsfr11                                  sfr11        00000
__Lsfr12                                  sfr12        00000
__Lsfr13                                  sfr13        00000
__Lsfr14                                  sfr14        00000
__Lsfr15                                  sfr15        00000
__Lsfr16                                  sfr16        00000
__Lsfr17                                  sfr17        00000
__Lsfr18                                  sfr18        00000
__Lsfr19                                  sfr19        00000
__Lsfr2                                   sfr2         00000
__Lsfr20                                  sfr20        00000
__Lsfr21                                  sfr21        00000
__Lsfr22                                  sfr22        00000
__Lsfr23                                  sfr23        00000
__Lsfr24                                  sfr24        00000
__Lsfr25                                  sfr25        00000
__Lsfr26                                  sfr26        00000
__Lsfr27                                  sfr27        00000
__Lsfr28                                  sfr28        00000
__Lsfr29                                  sfr29        00000
__Lsfr3                                   sfr3         00000
__Lsfr30                                  sfr30        00000
__Lsfr31                                  sfr31        00000
__Lsfr32                                  sfr32        00000
__Lsfr33                                  sfr33        00000
__Lsfr34                                  sfr34        00000
__Lsfr35                                  sfr35        00000
__Lsfr36                                  sfr36        00000
__Lsfr37                                  sfr37        00000
__Lsfr38                                  sfr38        00000
__Lsfr39                                  sfr39        00000
__Lsfr4                                   sfr4         00000
__Lsfr40                                  sfr40        00000
__Lsfr41                                  sfr41        00000
__Lsfr42                                  sfr42        00000
__Lsfr43                                  sfr43        00000
__Lsfr44                                  sfr44        00000
__Lsfr45                                  sfr45        00000
__Lsfr46                                  sfr46        00000
__Lsfr47                                  sfr47        00000
__Lsfr48                                  sfr48        00000
__Lsfr49                                  sfr49        00000
__Lsfr5                                   sfr5         00000
__Lsfr50                                  sfr50        00000
__Lsfr51                                  sfr51        00000
__Lsfr52                                  sfr52        00000
__Lsfr53                                  sfr53        00000
__Lsfr54                                  sfr54        00000
__Lsfr55                                  sfr55        00000
__Lsfr56                                  sfr56        00000
__Lsfr57                                  sfr57        00000
__Lsfr58                                  sfr58        00000
__Lsfr59                                  sfr59        00000
__Lsfr6                                   sfr6         00000
__Lsfr60                                  sfr60        00000
__Lsfr61                                  sfr61        00000
__Lsfr62                                  sfr62        00000
__Lsfr63                                  sfr63        00000
__Lsfr7                                   sfr7         00000
__Lsfr8                                   sfr8         00000
__Lsfr9                                   sfr9         00000
__Lspace_0                                (abs)        00000
__Lspace_1                                (abs)        00000
__Lspace_2                                (abs)        00000
__Lspace_3                                (abs)        00000
__Lspace_4                                (abs)        00000
__Lstack                                  stack        00000
__Lstrings                                strings      00000
__Lstringtext1                            stringtext1  00000
__Ltext                                   text         00000
__S0                                      (abs)        01004
__S1                                      (abs)        00149
__S2                                      (abs)        00000
___int_sp                                 stack        00000
___latbits                                (abs)        00002
___sp                                     stack        00000
___stackhi                                (abs)        022DB
___stacklo                                (abs)        020C9
__end_of_EXT_INT_Initialize               text16       00FA5
__end_of_EXT_ISR                          text28       007BA
__end_of_INTERRUPT_InterruptManager       intentry     00031
__end_of_INT_CallBack                     text27       00F98
__end_of_INT_DefaultInterruptHandler      text29       00003
__end_of_INT_ISR                          text26       00F5F
__end_of_INT_SetInterruptHandler          text17       00F65
__end_of_OSCILLATOR_Initialize            text15       00F6B
__end_of_PIN_MANAGER_Initialize           text14       00724
__end_of_PWM3_Initialize                  text13       00F7F
__end_of_SPI1_ExchangeByte                text4        00FB2
__end_of_SPI1_Initialize                  text12       007FF
__end_of_SYSTEM_Initialize                text5        0079E
__end_of_TMR0_DefaultInterruptHandler     text24       00004
__end_of_TMR0_ISR                         text23       01000
__end_of_TMR0_ISR_                        text25       00F53
__end_of_TMR0_Initialize                  text10       007D3
__end_of_TMR0_Reload                      text30       00F59
__end_of_TMR0_SetInterruptHandler         text11       00F71
__end_of_TMR1_DefaultInterruptHandler     text21       00800
__end_of_TMR1_ISR                         text19       007EA
__end_of_TMR1_ISR_                        text22       00336
__end_of_TMR1_Initialize                  text8        00764
__end_of_TMR1_SetInterruptHandler         text9        00F77
__end_of_TMR1_WriteTimer                  text20       00FEC
__end_of_TMR2_Initialize                  text7        00FCD
__end_of_WDT_Initialize                   text6        00F4F
__end_of__initialization                  cinit        00075
__end_of_displayMatrix                    text2        006FC
__end_of_main                             maintext     00568
__end_of_playNote                         text1        00782
__end_of_shiftBytes                       text3        00FBF
__end_of_spi1_configuration               stringtext1  01004
__initialization                          cinit        00033
__pbssBANK0                               bssBANK0     00046
__pbssCOMMON                              bssCOMMON    00079
__pcstackBANK0                            cstackBANK0  00020
__pcstackBANK1                            cstackBANK1  000E4
__pcstackBANK2                            cstackBANK2  00140
__pcstackCOMMON                           cstackCOMMON 00070
__pdataBANK0                              dataBANK0    00038
__pdataBANK1                              dataBANK1    000A0
__pdataBANK2                              dataBANK2    00120
__pdataBIGRAM                             (abs)        022DC
__pidataBANK0                             idataBANK0   00FCD
__pidataBANK1                             idataBANK1   0067C
__pidataBANK2                             idataBANK2   00724
__pidataBIGRAM                            idataBIGRAM  00568
__pintentry                               intentry     00004
__pmaintext                               maintext     00336
__pnvBANK0                                nvBANK0      0004F
__pnvCOMMON                               nvCOMMON     00077
__pstringtext1                            stringtext1  01000
__ptext1                                  text1        00764
__ptext10                                 text10       007BA
__ptext11                                 text11       00F6B
__ptext12                                 text12       007EA
__ptext13                                 text13       00F77
__ptext14                                 text14       006FC
__ptext15                                 text15       00F65
__ptext16                                 text16       00F98
__ptext17                                 text17       00F5F
__ptext19                                 text19       007D3
__ptext2                                  text2        006C0
__ptext20                                 text20       00FDB
__ptext21                                 text21       007FF
__ptext22                                 text22       00079
__ptext23                                 text23       00FEC
__ptext24                                 text24       00003
__ptext25                                 text25       00F4F
__ptext26                                 text26       00F59
__ptext27                                 text27       00F8B
__ptext28                                 text28       0079E
__ptext29                                 text29       00002
__ptext3                                  text3        00FB2
__ptext30                                 text30       00F53
__ptext4                                  text4        00FA5
__ptext5                                  text5        00782
__ptext6                                  text6        00F4C
__ptext7                                  text7        00FBF
__ptext8                                  text8        00744
__ptext9                                  text9        00F71
__size_of_EXT_INT_Initialize              (abs)        00000
__size_of_EXT_ISR                         (abs)        00000
__size_of_INTERRUPT_InterruptManager      (abs)        00000
__size_of_INT_CallBack                    (abs)        00000
__size_of_INT_DefaultInterruptHandler     (abs)        00000
__size_of_INT_ISR                         (abs)        00000
__size_of_INT_SetInterruptHandler         (abs)        00000
__size_of_OSCILLATOR_Initialize           (abs)        00000
__size_of_PIN_MANAGER_Initialize          (abs)        00000
__size_of_PWM3_Initialize                 (abs)        00000
__size_of_SPI1_ExchangeByte               (abs)        00000
__size_of_SPI1_Initialize                 (abs)        00000
__size_of_SYSTEM_Initialize               (abs)        00000
__size_of_TMR0_DefaultInterruptHandler    (abs)        00000
__size_of_TMR0_ISR                        (abs)        00000
__size_of_TMR0_ISR_                       (abs)        00000
__size_of_TMR0_Initialize                 (abs)        00000
__size_of_TMR0_Reload                     (abs)        00000
__size_of_TMR0_SetInterruptHandler        (abs)        00000
__size_of_TMR1_DefaultInterruptHandler    (abs)        00000
__size_of_TMR1_ISR                        (abs)        00000
__size_of_TMR1_ISR_                       (abs)        00000
__size_of_TMR1_Initialize                 (abs)        00000
__size_of_TMR1_SetInterruptHandler        (abs)        00000
__size_of_TMR1_WriteTimer                 (abs)        00000
__size_of_TMR2_Initialize                 (abs)        00000
__size_of_WDT_Initialize                  (abs)        00000
__size_of_displayMatrix                   (abs)        00000
__size_of_main                            (abs)        00000
__size_of_playNote                        (abs)        00000
__size_of_shiftBytes                      (abs)        00000
_cole_counter                             bssBANK0     00048
_count                                    bssBANK0     00046
_displayMatrix                            text2        006C0
_last_note                                bssBANK0     0004A
_last_prescale                            bssCOMMON    00079
_light_array                              dataBANK0    0003F
_main                                     maintext     00336
_num_songs                                dataBANK0    0003E
_playNote                                 text1        00764
_presses                                  bssBANK0     00049
_shiftBytes                               text3        00FB2
_silent_night                             (abs)        02366
_silent_night_playing                     bssBANK0     0004E
_silent_night_pre                         (abs)        022DC
_song2                                    dataBANK1    000D2
_song2_length                             dataBANK0    0003B
_song2_playing                            bssBANK0     0004C
_song2_pre                                dataBANK1    000C0
_song3                                    dataBANK1    000A0
_song3_length                             dataBANK0    00038
_song3_playing                            bssBANK0     0004D
_song3_pre                                dataBANK2    00120
_spi1_configuration                       stringtext1  01000
_timer0ReloadVal16bit                     nvCOMMON     00077
_timer1ReloadVal                          nvBANK0      00051
_timer_high_2                             dataBANK0    0003D
_timer_high_3                             dataBANK0    0003A
_timer_low_2                              dataBANK0    0003C
_timer_low_3                              dataBANK0    00039
btemp                                     (abs)        0007E
displayMatrix@i                           cstackBANK1  000E5
displayMatrix@lowSide                     cstackBANK1  000E7
displayMatrix@states                      cstackBANK1  000E4
end_of_initialization                     cinit        00075
init_ram                                  inittext     00F7F
int$flags                                 (abs)        0007E
intlevel0                                 functab      00000
intlevel1                                 functab      00000
intlevel2                                 functab      00000
intlevel3                                 functab      00000
intlevel4                                 functab      00000
intlevel5                                 functab      00000
main@i                                    cstackBANK2  00143
main@j                                    cstackBANK2  00141
main@j_1165                               cstackBANK2  00145
main@j_1167                               cstackBANK2  00147
main@light                                cstackBANK2  00140
playNote@note                             cstackCOMMON 00074
playNote@prescale                         cstackCOMMON 00072
reset_vec                                 reset_vec    00000
shiftBytes@highSide                       cstackCOMMON 00074
shiftBytes@lowSide                        cstackCOMMON 00073
start                                     init         00031
start_initialization                      cinit        00033
wtemp0                                    (abs)        0007E


MODULE INFORMATION

Module		Function		Class		Link	Load	Size
mcc_generated_files/tmr2.c
		_TMR2_Initialize		CODE           	0FBF	0000	14

mcc_generated_files/tmr2.c estimated size: 14

mcc_generated_files/interrupt_manager.c
		_INTERRUPT_InterruptManager		CODE           	0004	0000	45

mcc_generated_files/interrupt_manager.c estimated size: 45

mcc_generated_files/tmr0.c
		_TMR0_SetInterruptHandler		CODE           	0F6B	0000	6
		_TMR0_Reload   		CODE           	0F53	0000	6
		_TMR0_DefaultInterruptHandler		CODE           	0003	0000	1
		_TMR0_ISR      		CODE           	0FEC	0000	20
		_TMR0_Initialize		CODE           	07BA	0000	25

mcc_generated_files/tmr0.c estimated size: 58

mcc_generated_files/pin_manager.c
		_PIN_MANAGER_Initialize		CODE           	06FC	0000	40

mcc_generated_files/pin_manager.c estimated size: 40

mcc_generated_files/spi1.c
		_SPI1_Initialize		CODE           	07EA	0000	21
		_SPI1_ExchangeByte		CODE           	0FA5	0000	13

mcc_generated_files/spi1.c estimated size: 34

mcc_generated_files/ext_int.c
		_INT_DefaultInterruptHandler		CODE           	0002	0000	1
		_EXT_INT_Initialize		CODE           	0F98	0000	13
		_INT_SetInterruptHandler		CODE           	0F5F	0000	6
		_INT_CallBack  		CODE           	0F8B	0000	13
		_INT_ISR       		CODE           	0F59	0000	6

mcc_generated_files/ext_int.c estimated size: 39

shared
		__initialization		CODE           	0033	0000	66
		_spi1_configuration		STRCODE        	1000	0000	4

shared estimated size: 70

mcc_generated_files/mcc.c
		_WDT_Initialize		CODE           	0F4C	0000	3
		_OSCILLATOR_Initialize		CODE           	0F65	0000	6
		_SYSTEM_Initialize		CODE           	0782	0000	28

mcc_generated_files/mcc.c estimated size: 37

mcc_generated_files/pwm3.c
		_PWM3_Initialize		CODE           	0F77	0000	8

mcc_generated_files/pwm3.c estimated size: 8

mcc_generated_files/tmr1.c
		_TMR1_Initialize		CODE           	0744	0000	32
		_TMR1_SetInterruptHandler		CODE           	0F71	0000	6
		_TMR1_DefaultInterruptHandler		CODE           	07FF	0000	1
		_TMR1_WriteTimer		CODE           	0FDB	0000	17
		_TMR1_ISR      		CODE           	07D3	0000	23

mcc_generated_files/tmr1.c estimated size: 79

main.c
		_EXT_ISR       		CODE           	079E	0000	28
		_main          		CODE           	0336	0000	562
		_displayMatrix 		CODE           	06C0	0000	60
		_playNote      		CODE           	0764	0000	30
		_shiftBytes    		CODE           	0FB2	0000	13
		_TMR0_ISR_     		CODE           	0F4F	0000	4
		_TMR1_ISR_     		CODE           	0079	0000	701

main.c estimated size: 1398

